1>Se obtuvieron los libros 1 1 1 1 con ISBNS respectivos 0 199999 66666 133333
Calculado correctamente en menos de 0.010s.
2>Fin.
