1>Se ejecutó crearTABBLibrosVacio exitosamente.
2>La altura del arbol es 0.
3>4>Se ejecutó crearTABBLibrosVacio exitosamente.
5>6>7>Se insertó el libro con ISBN 999001122 al árbol.
8>La altura del arbol es 1.
9>10>Se ejecutó crearTABBLibrosVacio exitosamente.
11>12>13>Se insertó el libro con ISBN 316769177 al árbol.
14>15>16>Se insertó el libro con ISBN 140003446 al árbol.
17>La altura del arbol es 2.
18>19>20>Se insertó el libro con ISBN 204578912 al árbol.
21>La altura del arbol es 3.
22>23>24>Se insertó el libro con ISBN 849550144 al árbol.
25>La altura del arbol es 3.
26>27>28>Se insertó el libro con ISBN 843397030 al árbol.
29>La altura del arbol es 3.
30>31>32>Se insertó el libro con ISBN 880619315 al árbol.
33>La altura del arbol es 3.
34>35>Fin.
