1>Se ejecutó crearTABBLibrosVacio exitosamente.
2>3>4>Se ejecutó crearTABBLibrosVacio exitosamente.
5>6>7>Se insertó el libro con ISBN 140003446 al árbol.
8>9>10>Se insertó el libro con ISBN 204578912 al árbol.
11>12>13>Se insertó el libro con ISBN 316769177 al árbol.
14>15>16>Se insertó el libro con ISBN 999001122 al árbol.
17>Libro 140003446
Título: Jazz
Autor: Toni Morrison
Descripción: Una historia de amor y crimen en el Harlem de los años 20
Género: 3
Fecha de edición: 1/5/1992
Libro 204578912
Título: Las venas abiertas de América Latina
Autor: Eduardo Galeano
Descripción: Un ensayo crítico sobre la historia de la explotación en América Latina
Género: 7
Fecha de edición: 1/1/1971
Libro 316769177
Título: El guardián en el centeno
Autor: J.D. Salinger
Descripción: Holden narra sus días tras ser expulsado del colegio, en busca de sentido
Género: 1
Fecha de edición: 16/7/1951
Libro 999001122
Título: Nunca me abandones
Autor: Kazuo Ishiguro
Descripción: Jóvenes clonados enfrentan su destino en un mundo distópico
Género: 2
Fecha de edición: 1/9/2005
18>#  -----------------------------.
19>#  Inserto en el medio.
20>21>22>Se insertó el libro con ISBN 171819202 al árbol.
23>24>25>Se insertó el libro con ISBN 843397030 al árbol.
26>27>28>Se insertó el libro con ISBN 849550144 al árbol.
29>30>31>Se insertó el libro con ISBN 880619315 al árbol.
32>Libro 140003446
Título: Jazz
Autor: Toni Morrison
Descripción: Una historia de amor y crimen en el Harlem de los años 20
Género: 3
Fecha de edición: 1/5/1992
Libro 171819202
Título: Harry Potter y la piedra filosofal
Autor: J.K. Rowling
Descripción: Un niño mago descubre su destino en la escuela Hogwarts
Género: 6
Fecha de edición: 26/6/1997
Libro 204578912
Título: Las venas abiertas de América Latina
Autor: Eduardo Galeano
Descripción: Un ensayo crítico sobre la historia de la explotación en América Latina
Género: 7
Fecha de edición: 1/1/1971
Libro 316769177
Título: El guardián en el centeno
Autor: J.D. Salinger
Descripción: Holden narra sus días tras ser expulsado del colegio, en busca de sentido
Género: 1
Fecha de edición: 16/7/1951
Libro 843397030
Título: Ensayo sobre la ceguera
Autor: José Saramago
Descripción: Una epidemia de ceguera azota a una ciudad, revelando lo peor del ser humano
Género: 2
Fecha de edición: 1/10/1995
Libro 849550144
Título: Juventud
Autor: J.M. Coetzee
Descripción: Un joven sudafricano busca sentido en su vida y vocación en Londres
Género: 4
Fecha de edición: 1/1/2002
Libro 880619315
Título: La soledad de los números primos
Autor: Paolo Giordano
Descripción: Dos almas heridas incapaces de coincidir en el amor
Género: 1
Fecha de edición: 1/1/2008
Libro 999001122
Título: Nunca me abandones
Autor: Kazuo Ishiguro
Descripción: Jóvenes clonados enfrentan su destino en un mundo distópico
Género: 2
Fecha de edición: 1/9/2005
33>#  -----------------------------.
34>#  Inserto al principio.
35>36>37>Se insertó el libro con ISBN 111213141 al árbol.
38>39>40>Se insertó el libro con ISBN 123456789 al árbol.
41>Libro 111213141
Título: Orgullo y prejuicio
Autor: Jane Austen
Descripción: Elizabeth Bennet enfrenta el amor y los prejuicios de su época
Género: 1
Fecha de edición: 28/1/1813
Libro 123456789
Título: 1984
Autor: George Orwell
Descripción: Un régimen totalitario controla hasta los pensamientos de sus ciudadanos
Género: 2
Fecha de edición: 8/6/1949
Libro 140003446
Título: Jazz
Autor: Toni Morrison
Descripción: Una historia de amor y crimen en el Harlem de los años 20
Género: 3
Fecha de edición: 1/5/1992
Libro 171819202
Título: Harry Potter y la piedra filosofal
Autor: J.K. Rowling
Descripción: Un niño mago descubre su destino en la escuela Hogwarts
Género: 6
Fecha de edición: 26/6/1997
Libro 204578912
Título: Las venas abiertas de América Latina
Autor: Eduardo Galeano
Descripción: Un ensayo crítico sobre la historia de la explotación en América Latina
Género: 7
Fecha de edición: 1/1/1971
Libro 316769177
Título: El guardián en el centeno
Autor: J.D. Salinger
Descripción: Holden narra sus días tras ser expulsado del colegio, en busca de sentido
Género: 1
Fecha de edición: 16/7/1951
Libro 843397030
Título: Ensayo sobre la ceguera
Autor: José Saramago
Descripción: Una epidemia de ceguera azota a una ciudad, revelando lo peor del ser humano
Género: 2
Fecha de edición: 1/10/1995
Libro 849550144
Título: Juventud
Autor: J.M. Coetzee
Descripción: Un joven sudafricano busca sentido en su vida y vocación en Londres
Género: 4
Fecha de edición: 1/1/2002
Libro 880619315
Título: La soledad de los números primos
Autor: Paolo Giordano
Descripción: Dos almas heridas incapaces de coincidir en el amor
Género: 1
Fecha de edición: 1/1/2008
Libro 999001122
Título: Nunca me abandones
Autor: Kazuo Ishiguro
Descripción: Jóvenes clonados enfrentan su destino en un mundo distópico
Género: 2
Fecha de edición: 1/9/2005
42>#  -----------------------------.
43>44>Fin.
