1>La altura del arbol es 17. Calculado correctamente en menos de 1s.
2>Fin.
