1>Se ejecutó crearTABBLibrosVacio exitosamente.
2>3>4>5>Se insertó el libro con ISBN 140003446 al árbol.
6>Libro 140003446
Título: Jazz
Autor: Toni Morrison
Descripción: Una historia de amor y crimen en el Harlem de los años 20
Género: 3
Fecha de edición: 1/5/1992
7>8>9>10>11>12>Se insertó el libro con ISBN 204578912 al árbol.
13>14>15>Se insertó el libro con ISBN 316769177 al árbol.
16>17>18>Se insertó el libro con ISBN 101112131 al árbol.
19>20>21>Se insertó el libro con ISBN 311122334 al árbol.
22>23>24>Se insertó el libro con ISBN 151617181 al árbol.
25>26>27>Se insertó el libro con ISBN 999001122 al árbol.
28>29>30>Se insertó el libro con ISBN 843397030 al árbol.
31>32>33>Se insertó el libro con ISBN 194512348 al árbol.
34>35>36>Se insertó el libro con ISBN 121314151 al árbol.
37>38>39>Se insertó el libro con ISBN 224512789 al árbol.
40>41>42>Se insertó el libro con ISBN 880619315 al árbol.
43>#  1 elemento.
44>Libro 204578912
Título: Las venas abiertas de América Latina
Autor: Eduardo Galeano
Descripción: Un ensayo crítico sobre la historia de la explotación en América Latina
Género: 7
Fecha de edición: 1/1/1971
45>#  2 elementos.
46>Libro 101112131
Título: Guerra y paz
Autor: León Tolstói
Descripción: Épica historia sobre la nobleza rusa durante las guerras napoleónicas
Género: 3
Fecha de edición: 1/1/1869
Libro 140003446
Título: Jazz
Autor: Toni Morrison
Descripción: Una historia de amor y crimen en el Harlem de los años 20
Género: 3
Fecha de edición: 1/5/1992
47>#  4 elementos.
48>Libro 151617181
Título: Fahrenheit 451
Autor: Ray Bradbury
Descripción: Un bombero quema libros en una sociedad donde leer es delito
Género: 2
Fecha de edición: 19/10/1953
Libro 311122334
Título: Carrie
Autor: Stephen King
Descripción: Una adolescente con poderes telequinéticos enfrenta el abuso y el horror
Género: 2
Fecha de edición: 5/4/1974
Libro 843397030
Título: Ensayo sobre la ceguera
Autor: José Saramago
Descripción: Una epidemia de ceguera azota a una ciudad, revelando lo peor del ser humano
Género: 2
Fecha de edición: 1/10/1995
Libro 999001122
Título: Nunca me abandones
Autor: Kazuo Ishiguro
Descripción: Jóvenes clonados enfrentan su destino en un mundo distópico
Género: 2
Fecha de edición: 1/9/2005
49>#  5 elementos.
50>Libro 121314151
Título: El viejo y el mar
Autor: Ernest Hemingway
Descripción: Un viejo pescador enfrenta al mar en una lucha silenciosa
Género: 1
Fecha de edición: 1/1/1952
Libro 194512348
Título: Bestiario
Autor: Julio Cortázar
Descripción: Siete cuentos extraños y perturbadores que exploran lo fantástico en lo cotidiano
Género: 1
Fecha de edición: 17/9/1951
Libro 224512789
Título: El palacio de la luna
Autor: Paul Auster
Descripción: Un joven cae en la pobreza y encuentra sentido en un viaje inesperado
Género: 1
Fecha de edición: 1/1/1989
Libro 316769177
Título: El guardián en el centeno
Autor: J.D. Salinger
Descripción: Holden narra sus días tras ser expulsado del colegio, en busca de sentido
Género: 1
Fecha de edición: 16/7/1951
Libro 880619315
Título: La soledad de los números primos
Autor: Paolo Giordano
Descripción: Dos almas heridas incapaces de coincidir en el amor
Género: 1
Fecha de edición: 1/1/2008
51>52>Fin.
