1>Se ejecutó crearTABBLibrosVacio exitosamente.
2>La cantidad de libros en el árbol es 0.
3>4>5>Se insertó el libro con ISBN 140003446 al árbol.
6>La cantidad de libros en el árbol es 1.
7>8>9>Se insertó el libro con ISBN 204578912 al árbol.
10>La cantidad de libros en el árbol es 2.
11>12>13>Se insertó el libro con ISBN 316769177 al árbol.
14>La cantidad de libros en el árbol es 3.
15>El libro con ISBN 204578912 se removió del árbol.
16>La cantidad de libros en el árbol es 2.
17>18>19>Se insertó el libro con ISBN 999001122 al árbol.
20>La cantidad de libros en el árbol es 3.
21>22>23>Se insertó el libro con ISBN 843397030 al árbol.
24>La cantidad de libros en el árbol es 4.
25>26>Fin.
