1>Se ejecutó crearTABBLibrosVacio exitosamente.
2>3>4>Se ejecutó crearTABBLibrosVacio exitosamente.
5>6>7>Se insertó el libro con ISBN 843397030 al árbol.
8>Libro 843397030
Título: Ensayo sobre la ceguera
Autor: José Saramago
Descripción: Una epidemia de ceguera azota a una ciudad, revelando lo peor del ser humano
Género: 2
Fecha de edición: 1/10/1995
9>10>Fin.
