1>2>#  Creo e inserto el Prestamo 1.
3>Socio de ci 12345678 creado exitosamente.
4>5>6>7>Préstamo de libro de isbn 411222335 a socio 12345678 creado exitosamente.
8>9>Préstamo en la posición 1:
Préstamo de libro Todos los fuegos el fuego a Jim Dear.
8/9/2024
No retornado
10>#  Creo e inserto el Prestamo 2.
11>Socio de ci 23456789 creado exitosamente.
12>13>14>15>Préstamo de libro de isbn 421233446 a socio 23456789 creado exitosamente.
16>17>Se actualizó la fecha de devolución del préstamo.
18>19>#  Creo e inserto el Prestamo 3.
20>Socio de ci 34567890 creado exitosamente.
21>22>23>24>Préstamo de libro de isbn 431244557 a socio 34567890 creado exitosamente.
25>26>Se actualizó la fecha de devolución del préstamo.
27>28>#  Creo e inserto el Prestamo 4.
29>Socio de ci 45678901 creado exitosamente.
30>31>32>33>Préstamo de libro de isbn 843760494 a socio 45678901 creado exitosamente.
34>35>Préstamo en la posición 4:
Préstamo de libro Cien años de soledad a Juan Diaz.
8/11/2025
No retornado
36>Préstamo en la posición 2:
Préstamo de libro La ratesa a Lucia Perez.
8/10/2024
15/10/2024
37>Préstamo en la posición 1:
Préstamo de libro Todos los fuegos el fuego a Jim Dear.
8/9/2024
No retornado
38>#  Filtro prestamos retornados.
39>LDE Préstamos:
Préstamo de libro La ratesa a Lucia Perez.
8/10/2024
15/10/2024
Préstamo de libro Lo bello y lo triste a Juan Diaz.
8/11/2024
15/11/2024
40>#  Filtro prestamos no retornados.
41>LDE Préstamos:
Préstamo de libro Todos los fuegos el fuego a Jim Dear.
8/9/2024
No retornado
Préstamo de libro Cien años de soledad a Juan Diaz.
8/11/2025
No retornado
42>43>Fin.
