1>2>#  Creo e inserto el Prestamo 1.
3>Socio de ci 12345678 creado exitosamente.
4>5>6>7>Préstamo de libro de isbn 411222335 a socio 12345678 creado exitosamente.
8>9>#  Creo e inserto el Prestamo 2.
10>Socio de ci 12345678 creado exitosamente.
11>12>13>14>Préstamo de libro de isbn 421233446 a socio 12345678 creado exitosamente.
15>16>#  Creo e inserto el Prestamo 3.
17>Socio de ci 12345678 creado exitosamente.
18>19>20>21>Préstamo de libro de isbn 431244557 a socio 12345678 creado exitosamente.
22>23>#  Creo e inserto el Prestamo 4.
24>Socio de ci 12345678 creado exitosamente.
25>26>27>28>Préstamo de libro de isbn 843760494 a socio 12345678 creado exitosamente.
29>30>LDE Préstamos:
Préstamo de libro Todos los fuegos el fuego a Jim Dear.
8/9/2024
No retornado
Préstamo de libro La ratesa a Jim Dear.
8/10/2024
No retornado
Préstamo de libro Lo bello y lo triste a Jim Dear.
8/11/2024
No retornado
Préstamo de libro Cien años de soledad a Jim Dear.
8/11/2025
No retornado
31>32>Fin.
