1>2>#  Creo e inserto el Prestamo 1.
3>Socio de ci 12345678 creado exitosamente.
4>5>6>7>Préstamo de libro de isbn 411222335 a socio 12345678 creado exitosamente.
8>9>#  Consulto la cantidad.
10>La cantidad de préstamos en la lista es 1
11>#  Creo e inserto el Prestamo 2.
12>Socio de ci 23456789 creado exitosamente.
13>14>15>16>Préstamo de libro de isbn 421233446 a socio 23456789 creado exitosamente.
17>18>#  Consulto la cantidad.
19>La cantidad de préstamos en la lista es 2
20>#  Creo e inserto el Prestamo 3.
21>Socio de ci 34567890 creado exitosamente.
22>23>24>25>Préstamo de libro de isbn 431244557 a socio 34567890 creado exitosamente.
26>27>#  Consulto la cantidad.
28>La cantidad de préstamos en la lista es 3
29>#  Creo e inserto el Prestamo 4.
30>Socio de ci 45678901 creado exitosamente.
31>32>33>34>Préstamo de libro de isbn 843760494 a socio 45678901 creado exitosamente.
35>36>#  Consulto la cantidad.
37>La cantidad de préstamos en la lista es 4
38>39>Fin.
