1>2>LDE Préstamos:
3>LDE Préstamos:
4>#  Creo e inserto el Prestamo 1.
5>Socio de ci 12345678 creado exitosamente.
6>7>8>9>Préstamo de libro de isbn 411222335 a socio 12345678 creado exitosamente.
10>11>LDE Préstamos:
Préstamo de libro Todos los fuegos el fuego a Jim Dear.
8/9/2024
No retornado
12>LDE Préstamos:
Préstamo de libro Todos los fuegos el fuego a Jim Dear.
8/9/2024
No retornado
13>#  Creo e inserto el Prestamo 2.
14>Socio de ci 12345678 creado exitosamente.
15>16>17>18>Préstamo de libro de isbn 421233446 a socio 12345678 creado exitosamente.
19>20>#  Creo e inserto el Prestamo 3.
21>Socio de ci 12345678 creado exitosamente.
22>23>24>25>Préstamo de libro de isbn 431244557 a socio 12345678 creado exitosamente.
26>27>#  Creo e inserto el Prestamo 4.
28>Socio de ci 12345678 creado exitosamente.
29>30>31>32>Préstamo de libro de isbn 843760494 a socio 12345678 creado exitosamente.
33>34>LDE Préstamos:
Préstamo de libro Todos los fuegos el fuego a Jim Dear.
8/9/2024
No retornado
Préstamo de libro La ratesa a Jim Dear.
8/10/2024
No retornado
Préstamo de libro Lo bello y lo triste a Jim Dear.
8/11/2024
No retornado
Préstamo de libro Cien años de soledad a Jim Dear.
8/11/2025
No retornado
35>LDE Préstamos:
Préstamo de libro Cien años de soledad a Jim Dear.
8/11/2025
No retornado
Préstamo de libro Lo bello y lo triste a Jim Dear.
8/11/2024
No retornado
Préstamo de libro La ratesa a Jim Dear.
8/10/2024
No retornado
Préstamo de libro Todos los fuegos el fuego a Jim Dear.
8/9/2024
No retornado
36>37>Fin.
