1>2>#  Creo e inserto el Prestamo 1.
3>Socio de ci 12345678 creado exitosamente.
4>5>6>7>Préstamo de libro de isbn 411222335 a socio 12345678 creado exitosamente.
8>9>Préstamo en la posición 1:
Préstamo de libro Todos los fuegos el fuego a Jim Dear.
8/9/2024
No retornado
10>#  Filtro prestamos no retornados.
11>LDE Préstamos:
Préstamo de libro Todos los fuegos el fuego a Jim Dear.
8/9/2024
No retornado
12>#  Filtro prestamos retornados.
13>LDE Préstamos:
14>#  Creo e inserto el Prestamo 2.
15>Socio de ci 23456789 creado exitosamente.
16>17>18>19>Préstamo de libro de isbn 421233446 a socio 23456789 creado exitosamente.
20>21>Se actualizó la fecha de devolución del préstamo.
22>23>#  Creo e inserto el Prestamo 3.
24>Socio de ci 34567890 creado exitosamente.
25>26>27>28>Préstamo de libro de isbn 431244557 a socio 34567890 creado exitosamente.
29>30>Se actualizó la fecha de devolución del préstamo.
31>32>Primer préstamo:
Préstamo de libro Todos los fuegos el fuego a Jim Dear.
8/9/2024
No retornado
33>#  Creo e inserto el Prestamo 4.
34>Socio de ci 45678901 creado exitosamente.
35>36>37>38>Préstamo de libro de isbn 843760494 a socio 45678901 creado exitosamente.
39>40>LDE Préstamos:
Préstamo de libro Todos los fuegos el fuego a Jim Dear.
8/9/2024
No retornado
Préstamo de libro La ratesa a Lucia Perez.
8/10/2024
15/10/2024
Préstamo de libro Lo bello y lo triste a Juan Diaz.
8/11/2024
15/11/2024
Préstamo de libro Cien años de soledad a Juan Diaz.
8/11/2025
No retornado
41>Ultimo préstamo:
Préstamo de libro Cien años de soledad a Juan Diaz.
8/11/2025
No retornado
42>Préstamo en la posición 2:
Préstamo de libro La ratesa a Lucia Perez.
8/10/2024
15/10/2024
43>Préstamo en la posición 4:
Préstamo de libro Cien años de soledad a Juan Diaz.
8/11/2025
No retornado
44>#  Filtro prestamos retornados.
45>LDE Préstamos:
Préstamo de libro La ratesa a Lucia Perez.
8/10/2024
15/10/2024
Préstamo de libro Lo bello y lo triste a Juan Diaz.
8/11/2024
15/11/2024
46>#  Creo e inserto el Prestamo 5.
47>Socio de ci 56789012 creado exitosamente.
48>49>50>51>Préstamo de libro de isbn 843397380 a socio 56789012 creado exitosamente.
52>53>#  Filtro prestamos no retornados.
54>LDE Préstamos:
Préstamo de libro Todos los fuegos el fuego a Jim Dear.
8/9/2024
No retornado
Préstamo de libro Cien años de soledad a Juan Diaz.
8/11/2025
No retornado
Préstamo de libro Tokio Blues a Pedro Perez.
8/12/2025
No retornado
55>Préstamo en la posición 3:
Préstamo de libro Lo bello y lo triste a Juan Diaz.
8/11/2024
15/11/2024
56>Préstamo en la posición 5:
Préstamo de libro Tokio Blues a Pedro Perez.
8/12/2025
No retornado
57>LDE Préstamos:
Préstamo de libro Todos los fuegos el fuego a Jim Dear.
8/9/2024
No retornado
Préstamo de libro La ratesa a Lucia Perez.
8/10/2024
15/10/2024
Préstamo de libro Lo bello y lo triste a Juan Diaz.
8/11/2024
15/11/2024
Préstamo de libro Cien años de soledad a Juan Diaz.
8/11/2025
No retornado
Préstamo de libro Tokio Blues a Pedro Perez.
8/12/2025
No retornado
58>LDE Préstamos:
Préstamo de libro Tokio Blues a Pedro Perez.
8/12/2025
No retornado
Préstamo de libro Cien años de soledad a Juan Diaz.
8/11/2025
No retornado
Préstamo de libro Lo bello y lo triste a Juan Diaz.
8/11/2024
15/11/2024
Préstamo de libro La ratesa a Lucia Perez.
8/10/2024
15/10/2024
Préstamo de libro Todos los fuegos el fuego a Jim Dear.
8/9/2024
No retornado
59>60>Fin.
