1>Se ejecutó crearTLSESocios exitosamente.
2>Lista de Socios:
3>4>Se ejecutó crearTLSESocios exitosamente.
5>Socio de ci 12345678 creado exitosamente.
6>Se ejecutó 'agregarGeneroFavoritoTSocio' con idGenero 1 exitosamente.
7>Socio de CI 12345678 agregado a la lista de socios de forma exitosa.
8>Lista de Socios:
Socio 12345678: Mickey Mouse
Fecha de alta: 18/11/1928
Géneros favoritos: 1 
9>10>Fin.
