1>Socio de ci 12345678 creado exitosamente.
2>3>4>5>Préstamo de libro de isbn 411222335 a socio 12345678 creado exitosamente.
6>Préstamo copiado. Datos de la copia:
Préstamo de libro Todos los fuegos el fuego a Jim Dear.
8/9/2024
No retornado
7>Se ejecutó 'liberarTPrestamo' exitosamente.
8>Fin.
